<PoPs name="test" version="1.2.3" format="PoPs 0.1">
  <aliases>
    <metaStable id="Am242_m1" pid="Am242_e2" metaStableIndex="1"/>
    <particle id="electron" pid="e-"/>
    <particle id="e+" pid="e-_anti"/>
    <particle id="positron" pid="e-_anti"/></aliases>
  <gaugeBosons>
    <gaugeBoson id="photon">
      <mass>
        <double label="base" value="0.0" unit="amu"/></mass>
      <spin>
        <fraction label="base" value="1" unit="hbar"/></spin>
      <parity>
        <integer label="base" value="1"/></parity>
      <charge>
        <integer label="base" value="0" unit="e"/></charge>
      <halflife>
        <string label="base" value="stable" unit="s"/></halflife></gaugeBoson></gaugeBosons>
  <leptons>
    <lepton id="e-" generation="electronic">
      <mass>
        <double label="base" value="0.00054857990907" unit="amu"/></mass>
      <spin>
        <fraction label="base" value="1/2" unit="hbar"/></spin>
      <parity>
        <integer label="base" value="1"/></parity>
      <charge>
        <integer label="base" value="-1" unit="e"/></charge>
      <halflife>
        <string label="base" value="stable" unit="s"/></halflife></lepton>
    <lepton id="e-_anti" generation="electronic">
      <mass>
        <double label="base" value="0.00054857990907" unit="amu"/></mass>
      <spin>
        <fraction label="base" value="1/2" unit="hbar"/></spin>
      <parity>
        <integer label="base" value="-1"/></parity>
      <charge>
        <integer label="base" value="1" unit="e"/></charge>
      <halflife>
        <string label="base" value="stable" unit="s"/></halflife></lepton>
    <lepton id="mu" generation="muonic">
      <mass>
        <double label="base" value="0.1134289267" unit="amu"/></mass>
      <spin>
        <fraction label="base" value="1/2" unit="hbar"/></spin>
      <parity>
        <integer label="base" value="1"/></parity>
      <charge>
        <integer label="base" value="-1" unit="e"/></charge>
      <halflife>
        <double label="base" value="2.1969811e-06" unit="s"/></halflife></lepton></leptons>
  <baryons>
    <baryon id="n">
      <mass>
        <double label="base" value="1.00866491588" unit="amu"/></mass>
      <spin>
        <fraction label="base" value="1/2" unit="hbar"/></spin>
      <parity>
        <integer label="base" value="1"/></parity>
      <charge>
        <integer label="base" value="0" unit="e"/></charge>
      <halflife>
        <double label="base" value="881.5" unit="s"/></halflife></baryon>
    <baryon id="n_anti">
      <mass>
        <double label="base" value="1.00866491588" unit="amu"/></mass>
      <spin>
        <fraction label="base" value="1/2" unit="hbar"/></spin>
      <parity>
        <integer label="base" value="1"/></parity>
      <charge>
        <integer label="base" value="0" unit="e"/></charge>
      <halflife>
        <double label="base" value="881.5" unit="s"/></halflife></baryon>
    <baryon id="p">
      <mass>
        <double label="base" value="1.00727646681" unit="amu"/></mass>
      <spin>
        <fraction label="base" value="1/2" unit="hbar"/></spin>
      <parity>
        <integer label="base" value="1"/></parity>
      <charge>
        <integer label="base" value="1" unit="e"/></charge>
      <halflife>
        <string label="base" value="stable" unit="s"/></halflife></baryon>
    <baryon id="p_anti">
      <mass>
        <double label="base" value="1.00727646681" unit="amu"/></mass>
      <spin>
        <fraction label="base" value="1/2" unit="hbar"/></spin>
      <parity>
        <integer label="base" value="1"/></parity>
      <charge>
        <integer label="base" value="1" unit="e"/></charge>
      <halflife>
        <string label="base" value="stable" unit="s"/></halflife></baryon></baryons>
  <chemicalElements>
    <chemicalElement id="O" Z="8" name="Oxygen">
      <isotope id="O16" A="16">
        <nuclearLevel id="O16_e0">
          <mass>
            <double label="base" value="15.9949146196" unit="amu"/></mass>
          <nucleus id="o16_e0" index="0">
            <energy>
              <double label="base" value="0.0" unit="keV"/></energy></nucleus></nuclearLevel>
        <nuclearLevel id="O16_e1">
          <nucleus id="o16_e1" index="1">
            <energy>
              <double label="base" value="6049.4" unit="keV"/></energy></nucleus></nuclearLevel>
        <nuclearLevel id="O16_e2">
          <nucleus id="o16_e2" index="2">
            <energy>
              <double label="base" value="6129.893" unit="keV"/></energy></nucleus></nuclearLevel>
        <nuclearLevel id="O16_e3">
          <nucleus id="o16_e3" index="3">
            <energy>
              <double label="base" value="6917.1" unit="keV"/></energy></nucleus></nuclearLevel></isotope>
      <isotope id="O17" A="17">
        <nuclearLevel id="O17_e0">
          <mass>
            <double label="base" value="15.9949146196" unit="amu"/></mass>
          <nucleus id="o17_e0" index="0">
            <energy>
              <double label="base" value="0.0" unit="keV"/></energy></nucleus></nuclearLevel>
        <nuclearLevel id="O17_e1">
          <nucleus id="o17_e1" index="1">
            <energy>
              <double label="base" value="6049.4" unit="keV"/></energy></nucleus></nuclearLevel>
        <nuclearLevel id="O17_e2">
          <nucleus id="o17_e2" index="2">
            <energy>
              <double label="base" value="6129.893" unit="keV"/></energy></nucleus></nuclearLevel>
        <nuclearLevel id="O17_e3">
          <nucleus id="o17_e3" index="3">
            <energy>
              <double label="base" value="6917.1" unit="keV"/></energy></nucleus></nuclearLevel></isotope></chemicalElement>
    <chemicalElement id="Am" Z="95" name="Americium">
      <isotope id="Am242" A="242">
        <nuclearLevel id="Am242_e0">
          <mass>
            <double label="base" value="242.059549159" unit="amu"/></mass>
          <spin>
            <fraction label="base" value="1" unit="hbar"/></spin>
          <parity>
            <integer label="base" value="-1"/></parity>
          <halflife>
            <double label="base" value="16.02" unit="h"/></halflife>
          <nucleus id="am242_e0" index="0">
            <energy>
              <double label="base" value="0.0" unit="keV"/></energy></nucleus></nuclearLevel>
        <nuclearLevel id="Am242_e1">
          <spin>
            <fraction label="base" value="0" unit="hbar"/></spin>
          <parity>
            <integer label="base" value="-1"/></parity>
          <nucleus id="am242_e1" index="1">
            <energy>
              <double label="base" value="44.092" unit="keV"/></energy></nucleus></nuclearLevel>
        <nuclearLevel id="Am242_e2">
          <spin>
            <fraction label="base" value="5" unit="hbar"/></spin>
          <parity>
            <integer label="base" value="-1"/></parity>
          <halflife>
            <double label="base" value="141.0" unit="yr"/></halflife>
          <nucleus id="am242_e2" index="2">
            <energy>
              <double label="base" value="48.6" unit="keV"/></energy></nucleus></nuclearLevel>
        <nuclearLevel id="Am242_e3">
          <spin>
            <fraction label="base" value="3" unit="hbar"/></spin>
          <parity>
            <integer label="base" value="-1"/></parity>
          <nucleus id="am242_e3" index="3">
            <energy>
              <double label="base" value="52.7" unit="keV"/></energy></nucleus></nuclearLevel></isotope></chemicalElement></chemicalElements></PoPs>
<PoPs name="test" version="1.2.3" format="PoPs 0.1">
  <gaugeBosons>
    <gaugeBoson id="photon"></gaugeBoson></gaugeBosons>
  <leptons>
    <lepton id="e-" generation="electronic"></lepton>
    <lepton id="mu-_anti" generation="muonic"></lepton></leptons>
  <baryons>
    <baryon id="n_anti"></baryon>
    <baryon id="p"></baryon></baryons>
  <chemicalElements>
    <chemicalElement id="N" Z="7" name="Nitrogen">
      <isotope id="N15" A="15">
        <nuclearLevel id="N15_e5">
          <nucleus id="n15_e5" index="5"></nucleus></nuclearLevel>
        <nuclearLevel id="N15_e7">
          <nucleus id="n15_e7" index="7"></nucleus></nuclearLevel></isotope></chemicalElement>
    <chemicalElement id="O" Z="8" name="Oxygen">
      <isotope id="O16" A="16">
        <nuclearLevel id="O16_e12">
          <nucleus id="o16_e12" index="12"></nucleus></nuclearLevel></isotope></chemicalElement>
    <chemicalElement id="Pu" Z="94" name="Plutonium">
      <isotope id="Pu237" A="237"></isotope>
      <isotope id="Pu238" A="238">
        <nuclearLevel id="Pu238_e0">
          <nucleus id="pu238_e0" index="0"></nucleus></nuclearLevel>
        <nuclearLevel id="Pu240_e2">
          <nucleus id="pu238_e2" index="2"></nucleus></nuclearLevel></isotope>
      <isotope id="Pu239" A="239">
        <nuclearLevel id="Pu239_e4">
          <nucleus id="pu239_e4" index="4"></nucleus></nuclearLevel></isotope></chemicalElement></chemicalElements></PoPs>
<PoPs name="test" version="1.2.3" format="PoPs 0.1">
  <aliases>
    <metaStable id="Am242_m1" pid="Am242_e2" metaStableIndex="1"/>
    <particle id="electron" pid="e-"/>
    <particle id="e+" pid="e-_anti"/>
    <particle id="positron" pid="e-_anti"/>
    <particle id="h2" pid="h2_e0"/>
    <particle id="d" pid="h2"/>
    <particle id="h3" pid="h3_e0"/>
    <particle id="t" pid="h3"/></aliases>
  <gaugeBosons>
    <gaugeBoson id="photon">
      <mass>
        <double label="base" value="0.0" unit="amu"/></mass>
      <spin>
        <fraction label="base" value="1" unit="hbar"/></spin>
      <parity>
        <integer label="base" value="1"/></parity>
      <charge>
        <integer label="base" value="0" unit="e"/></charge>
      <halflife>
        <string label="base" value="stable" unit="s"/></halflife></gaugeBoson></gaugeBosons>
  <leptons>
    <lepton id="e-" generation="electronic">
      <mass>
        <double label="base" value="0.00054857990907" unit="amu"/></mass>
      <spin>
        <fraction label="base" value="1/2" unit="hbar"/></spin>
      <parity>
        <integer label="base" value="1"/></parity>
      <charge>
        <integer label="base" value="-1" unit="e"/></charge>
      <halflife>
        <string label="base" value="stable" unit="s"/></halflife></lepton>
    <lepton id="e-_anti" generation="electronic">
      <mass>
        <double label="base" value="0.00054857990907" unit="amu"/></mass>
      <spin>
        <fraction label="base" value="1/2" unit="hbar"/></spin>
      <parity>
        <integer label="base" value="-1"/></parity>
      <charge>
        <integer label="base" value="1" unit="e"/></charge>
      <halflife>
        <string label="base" value="stable" unit="s"/></halflife></lepton>
    <lepton id="mu" generation="muonic">
      <mass>
        <double label="base" value="0.1134289267" unit="amu"/></mass>
      <spin>
        <fraction label="base" value="1/2" unit="hbar"/></spin>
      <parity>
        <integer label="base" value="1"/></parity>
      <charge>
        <integer label="base" value="-1" unit="e"/></charge>
      <halflife>
        <double label="base" value="2.1969811e-06" unit="s"/></halflife></lepton></leptons>
  <baryons>
    <baryon id="n">
      <mass>
        <double label="base" value="1.00866491588" unit="amu"/></mass>
      <spin>
        <fraction label="base" value="1/2" unit="hbar"/></spin>
      <parity>
        <integer label="base" value="1"/></parity>
      <charge>
        <integer label="base" value="0" unit="e"/></charge>
      <halflife>
        <double label="base" value="881.5" unit="s"/></halflife></baryon>
    <baryon id="n_anti">
      <mass>
        <double label="base" value="1.00866491588" unit="amu"/></mass>
      <spin>
        <fraction label="base" value="1/2" unit="hbar"/></spin>
      <parity>
        <integer label="base" value="1"/></parity>
      <charge>
        <integer label="base" value="0" unit="e"/></charge>
      <halflife>
        <double label="base" value="881.5" unit="s"/></halflife></baryon>
    <baryon id="p">
      <mass>
        <double label="base" value="1.00727646681" unit="amu"/></mass>
      <spin>
        <fraction label="base" value="1/2" unit="hbar"/></spin>
      <parity>
        <integer label="base" value="1"/></parity>
      <charge>
        <integer label="base" value="1" unit="e"/></charge>
      <halflife>
        <string label="base" value="stable" unit="s"/></halflife></baryon>
    <baryon id="p_anti">
      <mass>
        <double label="base" value="1.00727646681" unit="amu"/></mass>
      <spin>
        <fraction label="base" value="1/2" unit="hbar"/></spin>
      <parity>
        <integer label="base" value="1"/></parity>
      <charge>
        <integer label="base" value="1" unit="e"/></charge>
      <halflife>
        <string label="base" value="stable" unit="s"/></halflife></baryon></baryons>
  <chemicalElements>
    <chemicalElement id="H" Z="1" name="Hydrogen">
      <isotope id="H1" A="1">
        <nuclearLevel id="H1_e0">
          <mass>
            <double label="base" value="1.00782503207" unit="amu"/></mass>
          <nucleus id="h1_e0" index="0">
            <mass>
              <double label="base" value="1.00727646688" unit="amu"/></mass>
            <spin>
              <fraction label="base" value="1/2" unit="hbar"/></spin>
            <parity>
              <integer label="base" value="1"/></parity>
            <charge>
              <integer label="base" value="1" unit="e"/></charge>
            <halflife>
              <string label="base" value="stable" unit="s"/></halflife>
            <energy>
              <double label="base" value="0.0" unit="keV"/></energy></nucleus></nuclearLevel></isotope>
      <isotope id="H2" A="2">
        <nuclearLevel id="H2_e0">
          <mass>
            <double label="base" value="2.01410177785" unit="amu"/></mass>
          <nucleus id="h2_e0" index="0">
            <mass>
              <double label="base" value="2.01355319775" unit="amu"/></mass>
            <parity>
              <integer label="base" value="1"/></parity>
            <charge>
              <integer label="base" value="1" unit="e"/></charge>
            <halflife>
              <string label="base" value="stable" unit="s"/></halflife>
            <energy>
              <double label="base" value="0.0" unit="keV"/></energy></nucleus></nuclearLevel></isotope>
      <isotope id="H3" A="3">
        <nuclearLevel id="H3_e0">
          <mass>
            <double label="base" value="3.01604927767" unit="amu"/></mass>
          <nucleus id="h3_e0" index="0">
            <mass>
              <double label="base" value="3.01550069757" unit="amu"/></mass>
            <spin>
              <fraction label="base" value="1/2" unit="hbar"/></spin>
            <parity>
              <integer label="base" value="1"/></parity>
            <charge>
              <integer label="base" value="1" unit="e"/></charge>
            <halflife>
              <double label="base" value="12.32" unit="yr"/></halflife>
            <energy>
              <double label="base" value="0.0" unit="keV"/></energy></nucleus></nuclearLevel></isotope></chemicalElement>
    <chemicalElement id="O" Z="8" name="Oxygen">
      <isotope id="O16" A="16">
        <nuclearLevel id="O16_e0">
          <mass>
            <double label="base" value="15.9949146196" unit="amu"/></mass>
          <nucleus id="o16_e0" index="0">
            <energy>
              <double label="base" value="0.0" unit="keV"/></energy></nucleus></nuclearLevel>
        <nuclearLevel id="O16_e1">
          <nucleus id="o16_e1" index="1">
            <energy>
              <double label="base" value="6049.4" unit="keV"/></energy></nucleus></nuclearLevel>
        <nuclearLevel id="O16_e2">
          <nucleus id="o16_e2" index="2">
            <energy>
              <double label="base" value="6129.893" unit="keV"/></energy></nucleus></nuclearLevel>
        <nuclearLevel id="O16_e3">
          <nucleus id="o16_e3" index="3">
            <energy>
              <double label="base" value="6917.1" unit="keV"/></energy></nucleus></nuclearLevel></isotope>
      <isotope id="O17" A="17">
        <nuclearLevel id="O17_e0">
          <mass>
            <double label="base" value="15.9949146196" unit="amu"/></mass>
          <nucleus id="o17_e0" index="0">
            <energy>
              <double label="base" value="0.0" unit="keV"/></energy></nucleus></nuclearLevel>
        <nuclearLevel id="O17_e1">
          <nucleus id="o17_e1" index="1">
            <energy>
              <double label="base" value="6049.4" unit="keV"/></energy></nucleus></nuclearLevel>
        <nuclearLevel id="O17_e2">
          <nucleus id="o17_e2" index="2">
            <energy>
              <double label="base" value="6129.893" unit="keV"/></energy></nucleus></nuclearLevel>
        <nuclearLevel id="O17_e3">
          <nucleus id="o17_e3" index="3">
            <energy>
              <double label="base" value="6917.1" unit="keV"/></energy></nucleus></nuclearLevel></isotope></chemicalElement>
    <chemicalElement id="Am" Z="95" name="Americium">
      <isotope id="Am242" A="242">
        <nuclearLevel id="Am242_e0">
          <mass>
            <double label="base" value="242.059549159" unit="amu"/></mass>
          <nucleus id="am242_e0" index="0">
            <spin>
              <fraction label="base" value="1" unit="hbar"/></spin>
            <parity>
              <integer label="base" value="-1"/></parity>
            <halflife>
              <double label="base" value="16.02" unit="h"/></halflife>
            <energy>
              <double label="base" value="0.0" unit="keV"/></energy></nucleus></nuclearLevel>
        <nuclearLevel id="Am242_e1">
          <nucleus id="am242_e1" index="1">
            <spin>
              <fraction label="base" value="0" unit="hbar"/></spin>
            <parity>
              <integer label="base" value="-1"/></parity>
            <energy>
              <double label="base" value="44.092" unit="keV"/></energy></nucleus></nuclearLevel>
        <nuclearLevel id="Am242_e2">
          <nucleus id="am242_e2" index="2">
            <spin>
              <fraction label="base" value="5" unit="hbar"/></spin>
            <parity>
              <integer label="base" value="-1"/></parity>
            <halflife>
              <double label="base" value="141.0" unit="yr"/></halflife>
            <energy>
              <double label="base" value="48.6" unit="keV"/></energy></nucleus></nuclearLevel>
        <nuclearLevel id="Am242_e3">
          <nucleus id="am242_e3" index="3">
            <spin>
              <fraction label="base" value="3" unit="hbar"/></spin>
            <parity>
              <integer label="base" value="-1"/></parity>
            <energy>
              <double label="base" value="52.7" unit="keV"/></energy></nucleus></nuclearLevel></isotope></chemicalElement></chemicalElements></PoPs>
